[0.124s] DEBUG:colcon:Command line arguments: ['/usr/bin/colcon', 'build', '--packages-select', 'smorphi_2d_simulation']
[0.124s] DEBUG:colcon:Parsed command line arguments: Namespace(log_base=None, log_level=None, verb_name='build', build_base='build', install_base='install', merge_install=False, symlink_install=False, test_result_base=None, continue_on_error=False, executor='parallel', parallel_workers=8, event_handlers=None, ignore_user_meta=False, metas=['./colcon.meta'], base_paths=['.'], packages_ignore=None, packages_ignore_regex=None, paths=None, packages_up_to=None, packages_up_to_regex=None, packages_above=None, packages_above_and_dependencies=None, packages_above_depth=None, packages_select_by_dep=None, packages_skip_by_dep=None, packages_skip_up_to=None, packages_select_build_failed=False, packages_skip_build_finished=False, packages_select_test_failures=False, packages_skip_test_passed=False, packages_select=['smorphi_2d_simulation'], packages_skip=None, packages_select_regex=None, packages_skip_regex=None, packages_start=None, packages_end=None, allow_overriding=[], cmake_args=None, cmake_target=None, cmake_target_skip_unavailable=False, cmake_clean_cache=False, cmake_clean_first=False, cmake_force_configure=False, ament_cmake_args=None, catkin_cmake_args=None, catkin_skip_building_tests=False, mixin_files=None, mixin=None, verb_parser=<colcon_mixin.mixin.mixin_argument.MixinArgumentDecorator object at 0x7852ad608640>, verb_extension=<colcon_core.verb.build.BuildVerb object at 0x7852ad6080a0>, main=<bound method BuildVerb.main of <colcon_core.verb.build.BuildVerb object at 0x7852ad6080a0>>, mixin_verb=('build',))
[0.319s] Level 1:colcon.colcon_core.package_discovery:discover_packages(colcon_meta) check parameters
[0.319s] Level 1:colcon.colcon_core.package_discovery:discover_packages(recursive) check parameters
[0.319s] Level 1:colcon.colcon_core.package_discovery:discover_packages(ignore) check parameters
[0.319s] Level 1:colcon.colcon_core.package_discovery:discover_packages(path) check parameters
[0.319s] Level 1:colcon.colcon_core.package_discovery:discover_packages(colcon_meta) discover
[0.319s] Level 1:colcon.colcon_core.package_discovery:discover_packages(recursive) discover
[0.319s] INFO:colcon.colcon_core.package_discovery:Crawling recursively for packages in '/home/anjana/Documents/PR2/Simulation_03_17'
[0.319s] Level 1:colcon.colcon_core.package_identification:_identify(.) by extensions ['ignore', 'ignore_ament_install']
[0.320s] Level 1:colcon.colcon_core.package_identification:_identify(.) by extension 'ignore'
[0.320s] Level 1:colcon.colcon_core.package_identification:_identify(.) by extension 'ignore_ament_install'
[0.320s] Level 1:colcon.colcon_core.package_identification:_identify(.) by extensions ['colcon_pkg']
[0.320s] Level 1:colcon.colcon_core.package_identification:_identify(.) by extension 'colcon_pkg'
[0.320s] Level 1:colcon.colcon_core.package_identification:_identify(.) by extensions ['colcon_meta']
[0.320s] Level 1:colcon.colcon_core.package_identification:_identify(.) by extension 'colcon_meta'
[0.320s] Level 1:colcon.colcon_core.package_identification:_identify(.) by extensions ['ros']
[0.320s] Level 1:colcon.colcon_core.package_identification:_identify(.) by extension 'ros'
[0.341s] Level 1:colcon.colcon_core.package_identification:_identify(.) by extensions ['cmake', 'python']
[0.341s] Level 1:colcon.colcon_core.package_identification:_identify(.) by extension 'cmake'
[0.341s] Level 1:colcon.colcon_core.package_identification:_identify(.) by extension 'python'
[0.341s] Level 1:colcon.colcon_core.package_identification:_identify(.) by extensions ['python_setup_py']
[0.341s] Level 1:colcon.colcon_core.package_identification:_identify(.) by extension 'python_setup_py'
[0.341s] Level 1:colcon.colcon_core.package_identification:_identify(build) by extensions ['ignore', 'ignore_ament_install']
[0.341s] Level 1:colcon.colcon_core.package_identification:_identify(build) by extension 'ignore'
[0.341s] Level 1:colcon.colcon_core.package_identification:_identify(build) ignored
[0.342s] Level 1:colcon.colcon_core.package_identification:_identify(install) by extensions ['ignore', 'ignore_ament_install']
[0.342s] Level 1:colcon.colcon_core.package_identification:_identify(install) by extension 'ignore'
[0.342s] Level 1:colcon.colcon_core.package_identification:_identify(install) ignored
[0.342s] Level 1:colcon.colcon_core.package_identification:_identify(lidar_gap_measure) by extensions ['ignore', 'ignore_ament_install']
[0.342s] Level 1:colcon.colcon_core.package_identification:_identify(lidar_gap_measure) by extension 'ignore'
[0.342s] Level 1:colcon.colcon_core.package_identification:_identify(lidar_gap_measure) by extension 'ignore_ament_install'
[0.342s] Level 1:colcon.colcon_core.package_identification:_identify(lidar_gap_measure) by extensions ['colcon_pkg']
[0.342s] Level 1:colcon.colcon_core.package_identification:_identify(lidar_gap_measure) by extension 'colcon_pkg'
[0.342s] Level 1:colcon.colcon_core.package_identification:_identify(lidar_gap_measure) by extensions ['colcon_meta']
[0.342s] Level 1:colcon.colcon_core.package_identification:_identify(lidar_gap_measure) by extension 'colcon_meta'
[0.342s] Level 1:colcon.colcon_core.package_identification:_identify(lidar_gap_measure) by extensions ['ros']
[0.342s] Level 1:colcon.colcon_core.package_identification:_identify(lidar_gap_measure) by extension 'ros'
[0.345s] DEBUG:colcon.colcon_core.package_identification:Package 'lidar_gap_measure' with type 'ros.ament_python' and name 'lidar_gap_measure'
[0.345s] Level 1:colcon.colcon_core.package_identification:_identify(log) by extensions ['ignore', 'ignore_ament_install']
[0.345s] Level 1:colcon.colcon_core.package_identification:_identify(log) by extension 'ignore'
[0.345s] Level 1:colcon.colcon_core.package_identification:_identify(log) ignored
[0.345s] Level 1:colcon.colcon_core.package_identification:_identify(mpu9250_main) by extensions ['ignore', 'ignore_ament_install']
[0.345s] Level 1:colcon.colcon_core.package_identification:_identify(mpu9250_main) by extension 'ignore'
[0.345s] Level 1:colcon.colcon_core.package_identification:_identify(mpu9250_main) by extension 'ignore_ament_install'
[0.345s] Level 1:colcon.colcon_core.package_identification:_identify(mpu9250_main) by extensions ['colcon_pkg']
[0.345s] Level 1:colcon.colcon_core.package_identification:_identify(mpu9250_main) by extension 'colcon_pkg'
[0.345s] Level 1:colcon.colcon_core.package_identification:_identify(mpu9250_main) by extensions ['colcon_meta']
[0.345s] Level 1:colcon.colcon_core.package_identification:_identify(mpu9250_main) by extension 'colcon_meta'
[0.345s] Level 1:colcon.colcon_core.package_identification:_identify(mpu9250_main) by extensions ['ros']
[0.345s] Level 1:colcon.colcon_core.package_identification:_identify(mpu9250_main) by extension 'ros'
[0.346s] DEBUG:colcon.colcon_core.package_identification:Package 'mpu9250_main' with type 'ros.ament_python' and name 'mpu9250'
[0.346s] Level 1:colcon.colcon_core.package_identification:_identify(robot_localization) by extensions ['ignore', 'ignore_ament_install']
[0.346s] Level 1:colcon.colcon_core.package_identification:_identify(robot_localization) by extension 'ignore'
[0.346s] Level 1:colcon.colcon_core.package_identification:_identify(robot_localization) by extension 'ignore_ament_install'
[0.346s] Level 1:colcon.colcon_core.package_identification:_identify(robot_localization) by extensions ['colcon_pkg']
[0.346s] Level 1:colcon.colcon_core.package_identification:_identify(robot_localization) by extension 'colcon_pkg'
[0.346s] Level 1:colcon.colcon_core.package_identification:_identify(robot_localization) by extensions ['colcon_meta']
[0.346s] Level 1:colcon.colcon_core.package_identification:_identify(robot_localization) by extension 'colcon_meta'
[0.346s] Level 1:colcon.colcon_core.package_identification:_identify(robot_localization) by extensions ['ros']
[0.346s] Level 1:colcon.colcon_core.package_identification:_identify(robot_localization) by extension 'ros'
[0.348s] DEBUG:colcon.colcon_core.package_identification:Package 'robot_localization' with type 'ros.ament_cmake' and name 'robot_localization'
[0.348s] Level 1:colcon.colcon_core.package_identification:_identify(rplidar_ros) by extensions ['ignore', 'ignore_ament_install']
[0.348s] Level 1:colcon.colcon_core.package_identification:_identify(rplidar_ros) by extension 'ignore'
[0.348s] Level 1:colcon.colcon_core.package_identification:_identify(rplidar_ros) by extension 'ignore_ament_install'
[0.348s] Level 1:colcon.colcon_core.package_identification:_identify(rplidar_ros) by extensions ['colcon_pkg']
[0.348s] Level 1:colcon.colcon_core.package_identification:_identify(rplidar_ros) by extension 'colcon_pkg'
[0.348s] Level 1:colcon.colcon_core.package_identification:_identify(rplidar_ros) by extensions ['colcon_meta']
[0.348s] Level 1:colcon.colcon_core.package_identification:_identify(rplidar_ros) by extension 'colcon_meta'
[0.349s] Level 1:colcon.colcon_core.package_identification:_identify(rplidar_ros) by extensions ['ros']
[0.349s] Level 1:colcon.colcon_core.package_identification:_identify(rplidar_ros) by extension 'ros'
[0.349s] DEBUG:colcon.colcon_core.package_identification:Package 'rplidar_ros' with type 'ros.ament_cmake' and name 'rplidar_ros'
[0.349s] Level 1:colcon.colcon_core.package_identification:_identify(serial-ros2) by extensions ['ignore', 'ignore_ament_install']
[0.349s] Level 1:colcon.colcon_core.package_identification:_identify(serial-ros2) by extension 'ignore'
[0.349s] Level 1:colcon.colcon_core.package_identification:_identify(serial-ros2) by extension 'ignore_ament_install'
[0.349s] Level 1:colcon.colcon_core.package_identification:_identify(serial-ros2) by extensions ['colcon_pkg']
[0.349s] Level 1:colcon.colcon_core.package_identification:_identify(serial-ros2) by extension 'colcon_pkg'
[0.349s] Level 1:colcon.colcon_core.package_identification:_identify(serial-ros2) by extensions ['colcon_meta']
[0.350s] Level 1:colcon.colcon_core.package_identification:_identify(serial-ros2) by extension 'colcon_meta'
[0.350s] Level 1:colcon.colcon_core.package_identification:_identify(serial-ros2) by extensions ['ros']
[0.350s] Level 1:colcon.colcon_core.package_identification:_identify(serial-ros2) by extension 'ros'
[0.350s] DEBUG:colcon.colcon_core.package_identification:Package 'serial-ros2' with type 'ros.ament_cmake' and name 'serial'
[0.350s] Level 1:colcon.colcon_core.package_identification:_identify(slam_toolbox) by extensions ['ignore', 'ignore_ament_install']
[0.350s] Level 1:colcon.colcon_core.package_identification:_identify(slam_toolbox) by extension 'ignore'
[0.350s] Level 1:colcon.colcon_core.package_identification:_identify(slam_toolbox) by extension 'ignore_ament_install'
[0.350s] Level 1:colcon.colcon_core.package_identification:_identify(slam_toolbox) by extensions ['colcon_pkg']
[0.350s] Level 1:colcon.colcon_core.package_identification:_identify(slam_toolbox) by extension 'colcon_pkg'
[0.350s] Level 1:colcon.colcon_core.package_identification:_identify(slam_toolbox) by extensions ['colcon_meta']
[0.350s] Level 1:colcon.colcon_core.package_identification:_identify(slam_toolbox) by extension 'colcon_meta'
[0.350s] Level 1:colcon.colcon_core.package_identification:_identify(slam_toolbox) by extensions ['ros']
[0.350s] Level 1:colcon.colcon_core.package_identification:_identify(slam_toolbox) by extension 'ros'
[0.352s] DEBUG:colcon.colcon_core.package_identification:Package 'slam_toolbox' with type 'ros.ament_cmake' and name 'slam_toolbox'
[0.352s] Level 1:colcon.colcon_core.package_identification:_identify(smorphi_2d_simulation) by extensions ['ignore', 'ignore_ament_install']
[0.352s] Level 1:colcon.colcon_core.package_identification:_identify(smorphi_2d_simulation) by extension 'ignore'
[0.352s] Level 1:colcon.colcon_core.package_identification:_identify(smorphi_2d_simulation) by extension 'ignore_ament_install'
[0.352s] Level 1:colcon.colcon_core.package_identification:_identify(smorphi_2d_simulation) by extensions ['colcon_pkg']
[0.352s] Level 1:colcon.colcon_core.package_identification:_identify(smorphi_2d_simulation) by extension 'colcon_pkg'
[0.352s] Level 1:colcon.colcon_core.package_identification:_identify(smorphi_2d_simulation) by extensions ['colcon_meta']
[0.352s] Level 1:colcon.colcon_core.package_identification:_identify(smorphi_2d_simulation) by extension 'colcon_meta'
[0.352s] Level 1:colcon.colcon_core.package_identification:_identify(smorphi_2d_simulation) by extensions ['ros']
[0.352s] Level 1:colcon.colcon_core.package_identification:_identify(smorphi_2d_simulation) by extension 'ros'
[0.353s] DEBUG:colcon.colcon_core.package_identification:Package 'smorphi_2d_simulation' with type 'ros.ament_python' and name 'smorphi_2d_simulation'
[0.353s] Level 1:colcon.colcon_core.package_identification:_identify(smorphi_cartographer) by extensions ['ignore', 'ignore_ament_install']
[0.353s] Level 1:colcon.colcon_core.package_identification:_identify(smorphi_cartographer) by extension 'ignore'
[0.353s] Level 1:colcon.colcon_core.package_identification:_identify(smorphi_cartographer) by extension 'ignore_ament_install'
[0.353s] Level 1:colcon.colcon_core.package_identification:_identify(smorphi_cartographer) by extensions ['colcon_pkg']
[0.353s] Level 1:colcon.colcon_core.package_identification:_identify(smorphi_cartographer) by extension 'colcon_pkg'
[0.353s] Level 1:colcon.colcon_core.package_identification:_identify(smorphi_cartographer) by extensions ['colcon_meta']
[0.353s] Level 1:colcon.colcon_core.package_identification:_identify(smorphi_cartographer) by extension 'colcon_meta'
[0.353s] Level 1:colcon.colcon_core.package_identification:_identify(smorphi_cartographer) by extensions ['ros']
[0.353s] Level 1:colcon.colcon_core.package_identification:_identify(smorphi_cartographer) by extension 'ros'
[0.354s] DEBUG:colcon.colcon_core.package_identification:Package 'smorphi_cartographer' with type 'ros.ament_cmake' and name 'smorphi_cartographer'
[0.354s] Level 1:colcon.colcon_core.package_identification:_identify(smorphi_driver_ros2) by extensions ['ignore', 'ignore_ament_install']
[0.354s] Level 1:colcon.colcon_core.package_identification:_identify(smorphi_driver_ros2) by extension 'ignore'
[0.354s] Level 1:colcon.colcon_core.package_identification:_identify(smorphi_driver_ros2) by extension 'ignore_ament_install'
[0.354s] Level 1:colcon.colcon_core.package_identification:_identify(smorphi_driver_ros2) by extensions ['colcon_pkg']
[0.354s] Level 1:colcon.colcon_core.package_identification:_identify(smorphi_driver_ros2) by extension 'colcon_pkg'
[0.354s] Level 1:colcon.colcon_core.package_identification:_identify(smorphi_driver_ros2) by extensions ['colcon_meta']
[0.354s] Level 1:colcon.colcon_core.package_identification:_identify(smorphi_driver_ros2) by extension 'colcon_meta'
[0.354s] Level 1:colcon.colcon_core.package_identification:_identify(smorphi_driver_ros2) by extensions ['ros']
[0.354s] Level 1:colcon.colcon_core.package_identification:_identify(smorphi_driver_ros2) by extension 'ros'
[0.355s] DEBUG:colcon.colcon_core.package_identification:Package 'smorphi_driver_ros2' with type 'ros.ament_cmake' and name 'smorphi_driver_ros2'
[0.355s] Level 1:colcon.colcon_core.package_identification:_identify(smorphi_ros2_controller) by extensions ['ignore', 'ignore_ament_install']
[0.355s] Level 1:colcon.colcon_core.package_identification:_identify(smorphi_ros2_controller) by extension 'ignore'
[0.355s] Level 1:colcon.colcon_core.package_identification:_identify(smorphi_ros2_controller) by extension 'ignore_ament_install'
[0.355s] Level 1:colcon.colcon_core.package_identification:_identify(smorphi_ros2_controller) by extensions ['colcon_pkg']
[0.355s] Level 1:colcon.colcon_core.package_identification:_identify(smorphi_ros2_controller) by extension 'colcon_pkg'
[0.355s] Level 1:colcon.colcon_core.package_identification:_identify(smorphi_ros2_controller) by extensions ['colcon_meta']
[0.355s] Level 1:colcon.colcon_core.package_identification:_identify(smorphi_ros2_controller) by extension 'colcon_meta'
[0.355s] Level 1:colcon.colcon_core.package_identification:_identify(smorphi_ros2_controller) by extensions ['ros']
[0.355s] Level 1:colcon.colcon_core.package_identification:_identify(smorphi_ros2_controller) by extension 'ros'
[0.356s] DEBUG:colcon.colcon_core.package_identification:Package 'smorphi_ros2_controller' with type 'ros.ament_python' and name 'smorphi_ros2_controller'
[0.356s] Level 1:colcon.colcon_core.package_identification:_identify(smorphi_ros2_launchers) by extensions ['ignore', 'ignore_ament_install']
[0.356s] Level 1:colcon.colcon_core.package_identification:_identify(smorphi_ros2_launchers) by extension 'ignore'
[0.356s] Level 1:colcon.colcon_core.package_identification:_identify(smorphi_ros2_launchers) by extension 'ignore_ament_install'
[0.356s] Level 1:colcon.colcon_core.package_identification:_identify(smorphi_ros2_launchers) by extensions ['colcon_pkg']
[0.356s] Level 1:colcon.colcon_core.package_identification:_identify(smorphi_ros2_launchers) by extension 'colcon_pkg'
[0.356s] Level 1:colcon.colcon_core.package_identification:_identify(smorphi_ros2_launchers) by extensions ['colcon_meta']
[0.356s] Level 1:colcon.colcon_core.package_identification:_identify(smorphi_ros2_launchers) by extension 'colcon_meta'
[0.356s] Level 1:colcon.colcon_core.package_identification:_identify(smorphi_ros2_launchers) by extensions ['ros']
[0.356s] Level 1:colcon.colcon_core.package_identification:_identify(smorphi_ros2_launchers) by extension 'ros'
[0.357s] DEBUG:colcon.colcon_core.package_identification:Package 'smorphi_ros2_launchers' with type 'ros.ament_python' and name 'smorphi_ros2_launchers'
[0.357s] Level 1:colcon.colcon_core.package_identification:_identify(smorphi_ros_imu) by extensions ['ignore', 'ignore_ament_install']
[0.357s] Level 1:colcon.colcon_core.package_identification:_identify(smorphi_ros_imu) by extension 'ignore'
[0.357s] Level 1:colcon.colcon_core.package_identification:_identify(smorphi_ros_imu) by extension 'ignore_ament_install'
[0.357s] Level 1:colcon.colcon_core.package_identification:_identify(smorphi_ros_imu) by extensions ['colcon_pkg']
[0.357s] Level 1:colcon.colcon_core.package_identification:_identify(smorphi_ros_imu) by extension 'colcon_pkg'
[0.357s] Level 1:colcon.colcon_core.package_identification:_identify(smorphi_ros_imu) by extensions ['colcon_meta']
[0.357s] Level 1:colcon.colcon_core.package_identification:_identify(smorphi_ros_imu) by extension 'colcon_meta'
[0.357s] Level 1:colcon.colcon_core.package_identification:_identify(smorphi_ros_imu) by extensions ['ros']
[0.357s] Level 1:colcon.colcon_core.package_identification:_identify(smorphi_ros_imu) by extension 'ros'
[0.358s] DEBUG:colcon.colcon_core.package_identification:Package 'smorphi_ros_imu' with type 'ros.ament_cmake' and name 'smorphi_ros_imu'
[0.358s] Level 1:colcon.colcon_core.package_discovery:discover_packages(recursive) using defaults
[0.358s] Level 1:colcon.colcon_core.package_discovery:discover_packages(ignore) discover
[0.358s] Level 1:colcon.colcon_core.package_discovery:discover_packages(ignore) using defaults
[0.358s] Level 1:colcon.colcon_core.package_discovery:discover_packages(path) discover
[0.358s] Level 1:colcon.colcon_core.package_discovery:discover_packages(path) using defaults
[0.382s] INFO:colcon.colcon_core.package_selection:Skipping not selected package 'lidar_gap_measure' in 'lidar_gap_measure'
[0.382s] INFO:colcon.colcon_core.package_selection:Skipping not selected package 'mpu9250' in 'mpu9250_main'
[0.382s] INFO:colcon.colcon_core.package_selection:Skipping not selected package 'robot_localization' in 'robot_localization'
[0.382s] INFO:colcon.colcon_core.package_selection:Skipping not selected package 'rplidar_ros' in 'rplidar_ros'
[0.382s] INFO:colcon.colcon_core.package_selection:Skipping not selected package 'serial' in 'serial-ros2'
[0.382s] INFO:colcon.colcon_core.package_selection:Skipping not selected package 'slam_toolbox' in 'slam_toolbox'
[0.382s] INFO:colcon.colcon_core.package_selection:Skipping not selected package 'smorphi_cartographer' in 'smorphi_cartographer'
[0.382s] INFO:colcon.colcon_core.package_selection:Skipping not selected package 'smorphi_ros2_controller' in 'smorphi_ros2_controller'
[0.383s] INFO:colcon.colcon_core.package_selection:Skipping not selected package 'smorphi_ros2_launchers' in 'smorphi_ros2_launchers'
[0.383s] INFO:colcon.colcon_core.package_selection:Skipping not selected package 'smorphi_ros_imu' in 'smorphi_ros_imu'
[0.383s] INFO:colcon.colcon_core.package_selection:Skipping not selected package 'smorphi_driver_ros2' in 'smorphi_driver_ros2'
[0.383s] Level 1:colcon.colcon_core.package_discovery:discover_packages(prefix_path) check parameters
[0.383s] Level 1:colcon.colcon_core.package_discovery:discover_packages(prefix_path) discover
[0.385s] DEBUG:colcon.colcon_installed_package_information.package_discovery:Found 1 installed packages in /home/anjana/Documents/PR2/Simulation_03_17/install
[0.385s] DEBUG:colcon.colcon_installed_package_information.package_discovery:Found 4 installed packages in /home/anjana/ros2_ws/install
[0.387s] DEBUG:colcon.colcon_installed_package_information.package_discovery:Found 354 installed packages in /opt/ros/humble
[0.388s] Level 1:colcon.colcon_core.package_discovery:discover_packages(prefix_path) using defaults
[0.433s] Level 5:colcon.colcon_core.verb:set package 'smorphi_2d_simulation' build argument 'cmake_args' from command line to 'None'
[0.433s] Level 5:colcon.colcon_core.verb:set package 'smorphi_2d_simulation' build argument 'cmake_target' from command line to 'None'
[0.433s] Level 5:colcon.colcon_core.verb:set package 'smorphi_2d_simulation' build argument 'cmake_target_skip_unavailable' from command line to 'False'
[0.433s] Level 5:colcon.colcon_core.verb:set package 'smorphi_2d_simulation' build argument 'cmake_clean_cache' from command line to 'False'
[0.433s] Level 5:colcon.colcon_core.verb:set package 'smorphi_2d_simulation' build argument 'cmake_clean_first' from command line to 'False'
[0.433s] Level 5:colcon.colcon_core.verb:set package 'smorphi_2d_simulation' build argument 'cmake_force_configure' from command line to 'False'
[0.433s] Level 5:colcon.colcon_core.verb:set package 'smorphi_2d_simulation' build argument 'ament_cmake_args' from command line to 'None'
[0.433s] Level 5:colcon.colcon_core.verb:set package 'smorphi_2d_simulation' build argument 'catkin_cmake_args' from command line to 'None'
[0.433s] Level 5:colcon.colcon_core.verb:set package 'smorphi_2d_simulation' build argument 'catkin_skip_building_tests' from command line to 'False'
[0.433s] DEBUG:colcon.colcon_core.verb:Building package 'smorphi_2d_simulation' with the following arguments: {'ament_cmake_args': None, 'build_base': '/home/anjana/Documents/PR2/Simulation_03_17/build/smorphi_2d_simulation', 'catkin_cmake_args': None, 'catkin_skip_building_tests': False, 'cmake_args': None, 'cmake_clean_cache': False, 'cmake_clean_first': False, 'cmake_force_configure': False, 'cmake_target': None, 'cmake_target_skip_unavailable': False, 'install_base': '/home/anjana/Documents/PR2/Simulation_03_17/install/smorphi_2d_simulation', 'merge_install': False, 'path': '/home/anjana/Documents/PR2/Simulation_03_17/smorphi_2d_simulation', 'symlink_install': False, 'test_result_base': None}
[0.433s] INFO:colcon.colcon_core.executor:Executing jobs using 'parallel' executor
[0.434s] DEBUG:colcon.colcon_parallel_executor.executor.parallel:run_until_complete
[0.435s] INFO:colcon.colcon_ros.task.ament_python.build:Building ROS package in '/home/anjana/Documents/PR2/Simulation_03_17/smorphi_2d_simulation' with build type 'ament_python'
[0.435s] Level 1:colcon.colcon_core.shell:create_environment_hook('smorphi_2d_simulation', 'ament_prefix_path')
[0.437s] INFO:colcon.colcon_core.plugin_system:Skipping extension 'colcon_core.shell.bat': Not used on non-Windows systems
[0.437s] INFO:colcon.colcon_core.shell:Creating environment hook '/home/anjana/Documents/PR2/Simulation_03_17/install/smorphi_2d_simulation/share/smorphi_2d_simulation/hook/ament_prefix_path.ps1'
[0.437s] INFO:colcon.colcon_core.shell:Creating environment descriptor '/home/anjana/Documents/PR2/Simulation_03_17/install/smorphi_2d_simulation/share/smorphi_2d_simulation/hook/ament_prefix_path.dsv'
[0.438s] INFO:colcon.colcon_core.shell:Creating environment hook '/home/anjana/Documents/PR2/Simulation_03_17/install/smorphi_2d_simulation/share/smorphi_2d_simulation/hook/ament_prefix_path.sh'
[0.439s] INFO:colcon.colcon_core.shell:Skip shell extension 'powershell' for command environment: Not usable outside of PowerShell
[0.439s] DEBUG:colcon.colcon_core.shell:Skip shell extension 'dsv' for command environment
[0.696s] INFO:colcon.colcon_core.task.python.build:Building Python package in '/home/anjana/Documents/PR2/Simulation_03_17/smorphi_2d_simulation'
[0.697s] INFO:colcon.colcon_core.shell:Skip shell extension 'powershell' for command environment: Not usable outside of PowerShell
[0.697s] DEBUG:colcon.colcon_core.shell:Skip shell extension 'dsv' for command environment
[1.121s] DEBUG:colcon.colcon_core.event_handler.log_command:Invoking command in '/home/anjana/Documents/PR2/Simulation_03_17/smorphi_2d_simulation': PYTHONPATH=/home/anjana/Documents/PR2/Simulation_03_17/build/smorphi_2d_simulation/prefix_override:/usr/lib/python3/dist-packages/colcon_core/task/python/colcon_distutils_commands:/home/anjana/Documents/PR2/Simulation_03_17/install/smorphi_2d_simulation/lib/python3.10/site-packages:${PYTHONPATH} /usr/bin/python3 -W ignore:setup.py install is deprecated -W ignore:easy_install command is deprecated setup.py egg_info --egg-base ../build/smorphi_2d_simulation build --build-base /home/anjana/Documents/PR2/Simulation_03_17/build/smorphi_2d_simulation/build install --record /home/anjana/Documents/PR2/Simulation_03_17/build/smorphi_2d_simulation/install.log --single-version-externally-managed install_data
[1.449s] DEBUG:colcon.colcon_core.event_handler.log_command:Invoked command in '/home/anjana/Documents/PR2/Simulation_03_17/smorphi_2d_simulation' returned '0': PYTHONPATH=/home/anjana/Documents/PR2/Simulation_03_17/build/smorphi_2d_simulation/prefix_override:/usr/lib/python3/dist-packages/colcon_core/task/python/colcon_distutils_commands:/home/anjana/Documents/PR2/Simulation_03_17/install/smorphi_2d_simulation/lib/python3.10/site-packages:${PYTHONPATH} /usr/bin/python3 -W ignore:setup.py install is deprecated -W ignore:easy_install command is deprecated setup.py egg_info --egg-base ../build/smorphi_2d_simulation build --build-base /home/anjana/Documents/PR2/Simulation_03_17/build/smorphi_2d_simulation/build install --record /home/anjana/Documents/PR2/Simulation_03_17/build/smorphi_2d_simulation/install.log --single-version-externally-managed install_data
[1.451s] Level 1:colcon.colcon_core.environment:checking '/home/anjana/Documents/PR2/Simulation_03_17/install/smorphi_2d_simulation' for CMake module files
[1.451s] Level 1:colcon.colcon_core.environment:checking '/home/anjana/Documents/PR2/Simulation_03_17/install/smorphi_2d_simulation' for CMake config files
[1.452s] Level 1:colcon.colcon_core.environment:checking '/home/anjana/Documents/PR2/Simulation_03_17/install/smorphi_2d_simulation/lib'
[1.452s] Level 1:colcon.colcon_core.environment:checking '/home/anjana/Documents/PR2/Simulation_03_17/install/smorphi_2d_simulation/bin'
[1.452s] Level 1:colcon.colcon_core.environment:checking '/home/anjana/Documents/PR2/Simulation_03_17/install/smorphi_2d_simulation/lib/pkgconfig/smorphi_2d_simulation.pc'
[1.452s] Level 1:colcon.colcon_core.environment:checking '/home/anjana/Documents/PR2/Simulation_03_17/install/smorphi_2d_simulation/lib/python3.10/site-packages'
[1.452s] Level 1:colcon.colcon_core.shell:create_environment_hook('smorphi_2d_simulation', 'pythonpath')
[1.453s] INFO:colcon.colcon_core.shell:Creating environment hook '/home/anjana/Documents/PR2/Simulation_03_17/install/smorphi_2d_simulation/share/smorphi_2d_simulation/hook/pythonpath.ps1'
[1.453s] INFO:colcon.colcon_core.shell:Creating environment descriptor '/home/anjana/Documents/PR2/Simulation_03_17/install/smorphi_2d_simulation/share/smorphi_2d_simulation/hook/pythonpath.dsv'
[1.453s] INFO:colcon.colcon_core.shell:Creating environment hook '/home/anjana/Documents/PR2/Simulation_03_17/install/smorphi_2d_simulation/share/smorphi_2d_simulation/hook/pythonpath.sh'
[1.454s] Level 1:colcon.colcon_core.environment:checking '/home/anjana/Documents/PR2/Simulation_03_17/install/smorphi_2d_simulation/bin'
[1.454s] Level 1:colcon.colcon_core.environment:create_environment_scripts_only(smorphi_2d_simulation)
[1.454s] INFO:colcon.colcon_core.shell:Creating package script '/home/anjana/Documents/PR2/Simulation_03_17/install/smorphi_2d_simulation/share/smorphi_2d_simulation/package.ps1'
[1.455s] INFO:colcon.colcon_core.shell:Creating package descriptor '/home/anjana/Documents/PR2/Simulation_03_17/install/smorphi_2d_simulation/share/smorphi_2d_simulation/package.dsv'
[1.455s] INFO:colcon.colcon_core.shell:Creating package script '/home/anjana/Documents/PR2/Simulation_03_17/install/smorphi_2d_simulation/share/smorphi_2d_simulation/package.sh'
[1.456s] INFO:colcon.colcon_core.shell:Creating package script '/home/anjana/Documents/PR2/Simulation_03_17/install/smorphi_2d_simulation/share/smorphi_2d_simulation/package.bash'
[1.457s] INFO:colcon.colcon_core.shell:Creating package script '/home/anjana/Documents/PR2/Simulation_03_17/install/smorphi_2d_simulation/share/smorphi_2d_simulation/package.zsh'
[1.457s] Level 1:colcon.colcon_core.environment:create_file_with_runtime_dependencies(/home/anjana/Documents/PR2/Simulation_03_17/install/smorphi_2d_simulation/share/colcon-core/packages/smorphi_2d_simulation)
[1.458s] DEBUG:colcon.colcon_parallel_executor.executor.parallel:closing loop
[1.458s] DEBUG:colcon.colcon_parallel_executor.executor.parallel:loop closed
[1.458s] DEBUG:colcon.colcon_parallel_executor.executor.parallel:run_until_complete finished with '0'
[1.458s] DEBUG:colcon.colcon_core.event_reactor:joining thread
[1.463s] INFO:colcon.colcon_core.plugin_system:Skipping extension 'colcon_notification.desktop_notification.terminal_notifier': Not used on non-Darwin systems
[1.463s] INFO:colcon.colcon_core.plugin_system:Skipping extension 'colcon_notification.desktop_notification.win32': Not used on non-Windows systems
[1.463s] INFO:colcon.colcon_notification.desktop_notification:Sending desktop notification using 'notify2'
[1.474s] DEBUG:colcon.colcon_core.event_reactor:joined thread
[1.474s] INFO:colcon.colcon_core.shell:Creating prefix script '/home/anjana/Documents/PR2/Simulation_03_17/install/local_setup.ps1'
[1.475s] INFO:colcon.colcon_core.shell:Creating prefix util module '/home/anjana/Documents/PR2/Simulation_03_17/install/_local_setup_util_ps1.py'
[1.477s] INFO:colcon.colcon_core.shell:Creating prefix chain script '/home/anjana/Documents/PR2/Simulation_03_17/install/setup.ps1'
[1.478s] INFO:colcon.colcon_core.shell:Creating prefix script '/home/anjana/Documents/PR2/Simulation_03_17/install/local_setup.sh'
[1.479s] INFO:colcon.colcon_core.shell:Creating prefix util module '/home/anjana/Documents/PR2/Simulation_03_17/install/_local_setup_util_sh.py'
[1.479s] INFO:colcon.colcon_core.shell:Creating prefix chain script '/home/anjana/Documents/PR2/Simulation_03_17/install/setup.sh'
[1.480s] INFO:colcon.colcon_core.shell:Creating prefix script '/home/anjana/Documents/PR2/Simulation_03_17/install/local_setup.bash'
[1.481s] INFO:colcon.colcon_core.shell:Creating prefix chain script '/home/anjana/Documents/PR2/Simulation_03_17/install/setup.bash'
[1.482s] INFO:colcon.colcon_core.shell:Creating prefix script '/home/anjana/Documents/PR2/Simulation_03_17/install/local_setup.zsh'
[1.482s] INFO:colcon.colcon_core.shell:Creating prefix chain script '/home/anjana/Documents/PR2/Simulation_03_17/install/setup.zsh'
