running egg_info
writing ../build/smorphi_2d_simulation/smorphi_2d_simulation.egg-info/PKG-INFO
writing dependency_links to ../build/smorphi_2d_simulation/smorphi_2d_simulation.egg-info/dependency_links.txt
writing entry points to ../build/smorphi_2d_simulation/smorphi_2d_simulation.egg-info/entry_points.txt
writing requirements to ../build/smorphi_2d_simulation/smorphi_2d_simulation.egg-info/requires.txt
writing top-level names to ../build/smorphi_2d_simulation/smorphi_2d_simulation.egg-info/top_level.txt
reading manifest file '../build/smorphi_2d_simulation/smorphi_2d_simulation.egg-info/SOURCES.txt'
writing manifest file '../build/smorphi_2d_simulation/smorphi_2d_simulation.egg-info/SOURCES.txt'
running build
running build_py
copying smorphi_2d_simulation/shape_transform_manager.py -> /home/anjana/Documents/PR2/Simulation_03_17/build/smorphi_2d_simulation/build/lib/smorphi_2d_simulation
running install
running install_lib
copying /home/anjana/Documents/PR2/Simulation_03_17/build/smorphi_2d_simulation/build/lib/smorphi_2d_simulation/shape_transform_manager.py -> /home/anjana/Documents/PR2/Simulation_03_17/install/smorphi_2d_simulation/lib/python3.10/site-packages/smorphi_2d_simulation
byte-compiling /home/anjana/Documents/PR2/Simulation_03_17/install/smorphi_2d_simulation/lib/python3.10/site-packages/smorphi_2d_simulation/shape_transform_manager.py to shape_transform_manager.cpython-310.pyc
running install_data
copying config/sim_nav2_params.yaml -> /home/anjana/Documents/PR2/Simulation_03_17/install/smorphi_2d_simulation/share/smorphi_2d_simulation/config
running install_egg_info
removing '/home/anjana/Documents/PR2/Simulation_03_17/install/smorphi_2d_simulation/lib/python3.10/site-packages/smorphi_2d_simulation-0.1.0-py3.10.egg-info' (and everything under it)
Copying ../build/smorphi_2d_simulation/smorphi_2d_simulation.egg-info to /home/anjana/Documents/PR2/Simulation_03_17/install/smorphi_2d_simulation/lib/python3.10/site-packages/smorphi_2d_simulation-0.1.0-py3.10.egg-info
running install_scripts
Installing shape_transform_manager script to /home/anjana/Documents/PR2/Simulation_03_17/install/smorphi_2d_simulation/lib/smorphi_2d_simulation
Installing sim_lidar_node script to /home/anjana/Documents/PR2/Simulation_03_17/install/smorphi_2d_simulation/lib/smorphi_2d_simulation
Installing sim_robot_node script to /home/anjana/Documents/PR2/Simulation_03_17/install/smorphi_2d_simulation/lib/smorphi_2d_simulation
writing list of installed files to '/home/anjana/Documents/PR2/Simulation_03_17/build/smorphi_2d_simulation/install.log'
