[0.492s] Invoking command in '/home/anjana/Documents/PR2/Simulation_03_17/smorphi_2d_simulation': PYTHONPATH=/home/anjana/Documents/PR2/Simulation_03_17/build/smorphi_2d_simulation/prefix_override:/usr/lib/python3/dist-packages/colcon_core/task/python/colcon_distutils_commands:/home/anjana/Documents/PR2/Simulation_03_17/install/smorphi_2d_simulation/lib/python3.10/site-packages:${PYTHONPATH} /usr/bin/python3 -W ignore:setup.py install is deprecated -W ignore:easy_install command is deprecated setup.py egg_info --egg-base ../build/smorphi_2d_simulation build --build-base /home/anjana/Documents/PR2/Simulation_03_17/build/smorphi_2d_simulation/build install --record /home/anjana/Documents/PR2/Simulation_03_17/build/smorphi_2d_simulation/install.log --single-version-externally-managed install_data
[0.675s] running egg_info
[0.676s] writing ../build/smorphi_2d_simulation/smorphi_2d_simulation.egg-info/PKG-INFO
[0.676s] writing dependency_links to ../build/smorphi_2d_simulation/smorphi_2d_simulation.egg-info/dependency_links.txt
[0.676s] writing entry points to ../build/smorphi_2d_simulation/smorphi_2d_simulation.egg-info/entry_points.txt
[0.676s] writing requirements to ../build/smorphi_2d_simulation/smorphi_2d_simulation.egg-info/requires.txt
[0.676s] writing top-level names to ../build/smorphi_2d_simulation/smorphi_2d_simulation.egg-info/top_level.txt
[0.678s] reading manifest file '../build/smorphi_2d_simulation/smorphi_2d_simulation.egg-info/SOURCES.txt'
[0.678s] writing manifest file '../build/smorphi_2d_simulation/smorphi_2d_simulation.egg-info/SOURCES.txt'
[0.678s] running build
[0.678s] running build_py
[0.678s] running install
[0.679s] running install_lib
[0.680s] running install_data
[0.680s] running install_egg_info
[0.681s] removing '/home/anjana/Documents/PR2/Simulation_03_17/install/smorphi_2d_simulation/lib/python3.10/site-packages/smorphi_2d_simulation-0.1.0-py3.10.egg-info' (and everything under it)
[0.681s] Copying ../build/smorphi_2d_simulation/smorphi_2d_simulation.egg-info to /home/anjana/Documents/PR2/Simulation_03_17/install/smorphi_2d_simulation/lib/python3.10/site-packages/smorphi_2d_simulation-0.1.0-py3.10.egg-info
[0.682s] running install_scripts
[0.698s] Installing shape_transform_manager script to /home/anjana/Documents/PR2/Simulation_03_17/install/smorphi_2d_simulation/lib/smorphi_2d_simulation
[0.698s] Installing sim_lidar_node script to /home/anjana/Documents/PR2/Simulation_03_17/install/smorphi_2d_simulation/lib/smorphi_2d_simulation
[0.698s] Installing sim_robot_node script to /home/anjana/Documents/PR2/Simulation_03_17/install/smorphi_2d_simulation/lib/smorphi_2d_simulation
[0.698s] writing list of installed files to '/home/anjana/Documents/PR2/Simulation_03_17/build/smorphi_2d_simulation/install.log'
[0.716s] Invoked command in '/home/anjana/Documents/PR2/Simulation_03_17/smorphi_2d_simulation' returned '0': PYTHONPATH=/home/anjana/Documents/PR2/Simulation_03_17/build/smorphi_2d_simulation/prefix_override:/usr/lib/python3/dist-packages/colcon_core/task/python/colcon_distutils_commands:/home/anjana/Documents/PR2/Simulation_03_17/install/smorphi_2d_simulation/lib/python3.10/site-packages:${PYTHONPATH} /usr/bin/python3 -W ignore:setup.py install is deprecated -W ignore:easy_install command is deprecated setup.py egg_info --egg-base ../build/smorphi_2d_simulation build --build-base /home/anjana/Documents/PR2/Simulation_03_17/build/smorphi_2d_simulation/build install --record /home/anjana/Documents/PR2/Simulation_03_17/build/smorphi_2d_simulation/install.log --single-version-externally-managed install_data
