running egg_info
creating ../build/smorphi_2d_simulation/smorphi_2d_simulation.egg-info
writing ../build/smorphi_2d_simulation/smorphi_2d_simulation.egg-info/PKG-INFO
writing dependency_links to ../build/smorphi_2d_simulation/smorphi_2d_simulation.egg-info/dependency_links.txt
writing entry points to ../build/smorphi_2d_simulation/smorphi_2d_simulation.egg-info/entry_points.txt
writing requirements to ../build/smorphi_2d_simulation/smorphi_2d_simulation.egg-info/requires.txt
writing top-level names to ../build/smorphi_2d_simulation/smorphi_2d_simulation.egg-info/top_level.txt
writing manifest file '../build/smorphi_2d_simulation/smorphi_2d_simulation.egg-info/SOURCES.txt'
reading manifest file '../build/smorphi_2d_simulation/smorphi_2d_simulation.egg-info/SOURCES.txt'
writing manifest file '../build/smorphi_2d_simulation/smorphi_2d_simulation.egg-info/SOURCES.txt'
running build
running build_py
creating /home/anjana/Documents/PR2/Simulation_03_17/build/smorphi_2d_simulation/build
creating /home/anjana/Documents/PR2/Simulation_03_17/build/smorphi_2d_simulation/build/lib
creating /home/anjana/Documents/PR2/Simulation_03_17/build/smorphi_2d_simulation/build/lib/smorphi_2d_simulation
copying smorphi_2d_simulation/sim_robot_node.py -> /home/anjana/Documents/PR2/Simulation_03_17/build/smorphi_2d_simulation/build/lib/smorphi_2d_simulation
copying smorphi_2d_simulation/__init__.py -> /home/anjana/Documents/PR2/Simulation_03_17/build/smorphi_2d_simulation/build/lib/smorphi_2d_simulation
copying smorphi_2d_simulation/sim_lidar_node.py -> /home/anjana/Documents/PR2/Simulation_03_17/build/smorphi_2d_simulation/build/lib/smorphi_2d_simulation
copying smorphi_2d_simulation/shape_transform_manager.py -> /home/anjana/Documents/PR2/Simulation_03_17/build/smorphi_2d_simulation/build/lib/smorphi_2d_simulation
running install
running install_lib
creating /home/anjana/Documents/PR2/Simulation_03_17/install/smorphi_2d_simulation/lib/python3.10/site-packages/smorphi_2d_simulation
copying /home/anjana/Documents/PR2/Simulation_03_17/build/smorphi_2d_simulation/build/lib/smorphi_2d_simulation/sim_robot_node.py -> /home/anjana/Documents/PR2/Simulation_03_17/install/smorphi_2d_simulation/lib/python3.10/site-packages/smorphi_2d_simulation
copying /home/anjana/Documents/PR2/Simulation_03_17/build/smorphi_2d_simulation/build/lib/smorphi_2d_simulation/__init__.py -> /home/anjana/Documents/PR2/Simulation_03_17/install/smorphi_2d_simulation/lib/python3.10/site-packages/smorphi_2d_simulation
copying /home/anjana/Documents/PR2/Simulation_03_17/build/smorphi_2d_simulation/build/lib/smorphi_2d_simulation/sim_lidar_node.py -> /home/anjana/Documents/PR2/Simulation_03_17/install/smorphi_2d_simulation/lib/python3.10/site-packages/smorphi_2d_simulation
copying /home/anjana/Documents/PR2/Simulation_03_17/build/smorphi_2d_simulation/build/lib/smorphi_2d_simulation/shape_transform_manager.py -> /home/anjana/Documents/PR2/Simulation_03_17/install/smorphi_2d_simulation/lib/python3.10/site-packages/smorphi_2d_simulation
byte-compiling /home/anjana/Documents/PR2/Simulation_03_17/install/smorphi_2d_simulation/lib/python3.10/site-packages/smorphi_2d_simulation/sim_robot_node.py to sim_robot_node.cpython-310.pyc
byte-compiling /home/anjana/Documents/PR2/Simulation_03_17/install/smorphi_2d_simulation/lib/python3.10/site-packages/smorphi_2d_simulation/__init__.py to __init__.cpython-310.pyc
byte-compiling /home/anjana/Documents/PR2/Simulation_03_17/install/smorphi_2d_simulation/lib/python3.10/site-packages/smorphi_2d_simulation/sim_lidar_node.py to sim_lidar_node.cpython-310.pyc
byte-compiling /home/anjana/Documents/PR2/Simulation_03_17/install/smorphi_2d_simulation/lib/python3.10/site-packages/smorphi_2d_simulation/shape_transform_manager.py to shape_transform_manager.cpython-310.pyc
running install_data
creating /home/anjana/Documents/PR2/Simulation_03_17/install/smorphi_2d_simulation/share/ament_index
creating /home/anjana/Documents/PR2/Simulation_03_17/install/smorphi_2d_simulation/share/ament_index/resource_index
creating /home/anjana/Documents/PR2/Simulation_03_17/install/smorphi_2d_simulation/share/ament_index/resource_index/packages
copying resource/smorphi_2d_simulation -> /home/anjana/Documents/PR2/Simulation_03_17/install/smorphi_2d_simulation/share/ament_index/resource_index/packages
copying package.xml -> /home/anjana/Documents/PR2/Simulation_03_17/install/smorphi_2d_simulation/share/smorphi_2d_simulation
creating /home/anjana/Documents/PR2/Simulation_03_17/install/smorphi_2d_simulation/share/smorphi_2d_simulation/launch
copying launch/sim_auto_transform.launch.py -> /home/anjana/Documents/PR2/Simulation_03_17/install/smorphi_2d_simulation/share/smorphi_2d_simulation/launch
creating /home/anjana/Documents/PR2/Simulation_03_17/install/smorphi_2d_simulation/share/smorphi_2d_simulation/config
copying config/sim_nav2_params.yaml -> /home/anjana/Documents/PR2/Simulation_03_17/install/smorphi_2d_simulation/share/smorphi_2d_simulation/config
creating /home/anjana/Documents/PR2/Simulation_03_17/install/smorphi_2d_simulation/share/smorphi_2d_simulation/map
copying map/sim_map.yaml -> /home/anjana/Documents/PR2/Simulation_03_17/install/smorphi_2d_simulation/share/smorphi_2d_simulation/map
copying map/sim_map.pgm -> /home/anjana/Documents/PR2/Simulation_03_17/install/smorphi_2d_simulation/share/smorphi_2d_simulation/map
copying map/generate_map.py -> /home/anjana/Documents/PR2/Simulation_03_17/install/smorphi_2d_simulation/share/smorphi_2d_simulation/map
creating /home/anjana/Documents/PR2/Simulation_03_17/install/smorphi_2d_simulation/share/smorphi_2d_simulation/rviz
copying rviz/sim_auto_transform.rviz -> /home/anjana/Documents/PR2/Simulation_03_17/install/smorphi_2d_simulation/share/smorphi_2d_simulation/rviz
running install_egg_info
Copying ../build/smorphi_2d_simulation/smorphi_2d_simulation.egg-info to /home/anjana/Documents/PR2/Simulation_03_17/install/smorphi_2d_simulation/lib/python3.10/site-packages/smorphi_2d_simulation-0.1.0-py3.10.egg-info
running install_scripts
Installing shape_transform_manager script to /home/anjana/Documents/PR2/Simulation_03_17/install/smorphi_2d_simulation/lib/smorphi_2d_simulation
Installing sim_lidar_node script to /home/anjana/Documents/PR2/Simulation_03_17/install/smorphi_2d_simulation/lib/smorphi_2d_simulation
Installing sim_robot_node script to /home/anjana/Documents/PR2/Simulation_03_17/install/smorphi_2d_simulation/lib/smorphi_2d_simulation
writing list of installed files to '/home/anjana/Documents/PR2/Simulation_03_17/build/smorphi_2d_simulation/install.log'
