/home/anjana/Documents/PR2/Simulation_03_17/install/smorphi_2d_simulation/lib/python3.10/site-packages/smorphi_2d_simulation/sim_robot_node.py
/home/anjana/Documents/PR2/Simulation_03_17/install/smorphi_2d_simulation/lib/python3.10/site-packages/smorphi_2d_simulation/__init__.py
/home/anjana/Documents/PR2/Simulation_03_17/install/smorphi_2d_simulation/lib/python3.10/site-packages/smorphi_2d_simulation/sim_lidar_node.py
/home/anjana/Documents/PR2/Simulation_03_17/install/smorphi_2d_simulation/lib/python3.10/site-packages/smorphi_2d_simulation/shape_transform_manager.py
/home/anjana/Documents/PR2/Simulation_03_17/install/smorphi_2d_simulation/lib/python3.10/site-packages/smorphi_2d_simulation/__pycache__/sim_robot_node.cpython-310.pyc
/home/anjana/Documents/PR2/Simulation_03_17/install/smorphi_2d_simulation/lib/python3.10/site-packages/smorphi_2d_simulation/__pycache__/__init__.cpython-310.pyc
/home/anjana/Documents/PR2/Simulation_03_17/install/smorphi_2d_simulation/lib/python3.10/site-packages/smorphi_2d_simulation/__pycache__/sim_lidar_node.cpython-310.pyc
/home/anjana/Documents/PR2/Simulation_03_17/install/smorphi_2d_simulation/lib/python3.10/site-packages/smorphi_2d_simulation/__pycache__/shape_transform_manager.cpython-310.pyc
/home/anjana/Documents/PR2/Simulation_03_17/install/smorphi_2d_simulation/share/ament_index/resource_index/packages/smorphi_2d_simulation
/home/anjana/Documents/PR2/Simulation_03_17/install/smorphi_2d_simulation/share/smorphi_2d_simulation/package.xml
/home/anjana/Documents/PR2/Simulation_03_17/install/smorphi_2d_simulation/share/smorphi_2d_simulation/launch/sim_auto_transform.launch.py
/home/anjana/Documents/PR2/Simulation_03_17/install/smorphi_2d_simulation/share/smorphi_2d_simulation/config/sim_nav2_params.yaml
/home/anjana/Documents/PR2/Simulation_03_17/install/smorphi_2d_simulation/share/smorphi_2d_simulation/map/sim_map.yaml
/home/anjana/Documents/PR2/Simulation_03_17/install/smorphi_2d_simulation/share/smorphi_2d_simulation/map/sim_map.pgm
/home/anjana/Documents/PR2/Simulation_03_17/install/smorphi_2d_simulation/share/smorphi_2d_simulation/map/generate_map.py
/home/anjana/Documents/PR2/Simulation_03_17/install/smorphi_2d_simulation/share/smorphi_2d_simulation/rviz/sim_auto_transform.rviz
/home/anjana/Documents/PR2/Simulation_03_17/install/smorphi_2d_simulation/lib/python3.10/site-packages/smorphi_2d_simulation-0.1.0-py3.10.egg-info/requires.txt
/home/anjana/Documents/PR2/Simulation_03_17/install/smorphi_2d_simulation/lib/python3.10/site-packages/smorphi_2d_simulation-0.1.0-py3.10.egg-info/SOURCES.txt
/home/anjana/Documents/PR2/Simulation_03_17/install/smorphi_2d_simulation/lib/python3.10/site-packages/smorphi_2d_simulation-0.1.0-py3.10.egg-info/top_level.txt
/home/anjana/Documents/PR2/Simulation_03_17/install/smorphi_2d_simulation/lib/python3.10/site-packages/smorphi_2d_simulation-0.1.0-py3.10.egg-info/entry_points.txt
/home/anjana/Documents/PR2/Simulation_03_17/install/smorphi_2d_simulation/lib/python3.10/site-packages/smorphi_2d_simulation-0.1.0-py3.10.egg-info/zip-safe
/home/anjana/Documents/PR2/Simulation_03_17/install/smorphi_2d_simulation/lib/python3.10/site-packages/smorphi_2d_simulation-0.1.0-py3.10.egg-info/PKG-INFO
/home/anjana/Documents/PR2/Simulation_03_17/install/smorphi_2d_simulation/lib/python3.10/site-packages/smorphi_2d_simulation-0.1.0-py3.10.egg-info/dependency_links.txt
/home/anjana/Documents/PR2/Simulation_03_17/install/smorphi_2d_simulation/lib/smorphi_2d_simulation/shape_transform_manager
/home/anjana/Documents/PR2/Simulation_03_17/install/smorphi_2d_simulation/lib/smorphi_2d_simulation/sim_lidar_node
/home/anjana/Documents/PR2/Simulation_03_17/install/smorphi_2d_simulation/lib/smorphi_2d_simulation/sim_robot_node
