[0.760s] Invoking command in '/home/anjana/Documents/PR2/Simulation_03_17/smorphi_2d_simulation': PYTHONPATH=/home/anjana/Documents/PR2/Simulation_03_17/build/smorphi_2d_simulation/prefix_override:/usr/lib/python3/dist-packages/colcon_core/task/python/colcon_distutils_commands:/home/anjana/Documents/PR2/Simulation_03_17/install/smorphi_2d_simulation/lib/python3.10/site-packages:${PYTHONPATH} /usr/bin/python3 -W ignore:setup.py install is deprecated -W ignore:easy_install command is deprecated setup.py egg_info --egg-base ../build/smorphi_2d_simulation build --build-base /home/anjana/Documents/PR2/Simulation_03_17/build/smorphi_2d_simulation/build install --record /home/anjana/Documents/PR2/Simulation_03_17/build/smorphi_2d_simulation/install.log --single-version-externally-managed install_data
[1.039s] running egg_info
[1.040s] writing ../build/smorphi_2d_simulation/smorphi_2d_simulation.egg-info/PKG-INFO
[1.040s] writing dependency_links to ../build/smorphi_2d_simulation/smorphi_2d_simulation.egg-info/dependency_links.txt
[1.040s] writing entry points to ../build/smorphi_2d_simulation/smorphi_2d_simulation.egg-info/entry_points.txt
[1.043s] writing requirements to ../build/smorphi_2d_simulation/smorphi_2d_simulation.egg-info/requires.txt
[1.043s] writing top-level names to ../build/smorphi_2d_simulation/smorphi_2d_simulation.egg-info/top_level.txt
[1.045s] reading manifest file '../build/smorphi_2d_simulation/smorphi_2d_simulation.egg-info/SOURCES.txt'
[1.046s] writing manifest file '../build/smorphi_2d_simulation/smorphi_2d_simulation.egg-info/SOURCES.txt'
[1.046s] running build
[1.046s] running build_py
[1.046s] copying smorphi_2d_simulation/shape_transform_manager.py -> /home/anjana/Documents/PR2/Simulation_03_17/build/smorphi_2d_simulation/build/lib/smorphi_2d_simulation
[1.047s] running install
[1.047s] running install_lib
[1.048s] copying /home/anjana/Documents/PR2/Simulation_03_17/build/smorphi_2d_simulation/build/lib/smorphi_2d_simulation/shape_transform_manager.py -> /home/anjana/Documents/PR2/Simulation_03_17/install/smorphi_2d_simulation/lib/python3.10/site-packages/smorphi_2d_simulation
[1.048s] byte-compiling /home/anjana/Documents/PR2/Simulation_03_17/install/smorphi_2d_simulation/lib/python3.10/site-packages/smorphi_2d_simulation/shape_transform_manager.py to shape_transform_manager.cpython-310.pyc
[1.050s] running install_data
[1.050s] running install_egg_info
[1.052s] removing '/home/anjana/Documents/PR2/Simulation_03_17/install/smorphi_2d_simulation/lib/python3.10/site-packages/smorphi_2d_simulation-0.1.0-py3.10.egg-info' (and everything under it)
[1.052s] Copying ../build/smorphi_2d_simulation/smorphi_2d_simulation.egg-info to /home/anjana/Documents/PR2/Simulation_03_17/install/smorphi_2d_simulation/lib/python3.10/site-packages/smorphi_2d_simulation-0.1.0-py3.10.egg-info
[1.053s] running install_scripts
[1.073s] Installing shape_transform_manager script to /home/anjana/Documents/PR2/Simulation_03_17/install/smorphi_2d_simulation/lib/smorphi_2d_simulation
[1.073s] Installing sim_lidar_node script to /home/anjana/Documents/PR2/Simulation_03_17/install/smorphi_2d_simulation/lib/smorphi_2d_simulation
[1.073s] Installing sim_robot_node script to /home/anjana/Documents/PR2/Simulation_03_17/install/smorphi_2d_simulation/lib/smorphi_2d_simulation
[1.073s] writing list of installed files to '/home/anjana/Documents/PR2/Simulation_03_17/build/smorphi_2d_simulation/install.log'
[1.099s] Invoked command in '/home/anjana/Documents/PR2/Simulation_03_17/smorphi_2d_simulation' returned '0': PYTHONPATH=/home/anjana/Documents/PR2/Simulation_03_17/build/smorphi_2d_simulation/prefix_override:/usr/lib/python3/dist-packages/colcon_core/task/python/colcon_distutils_commands:/home/anjana/Documents/PR2/Simulation_03_17/install/smorphi_2d_simulation/lib/python3.10/site-packages:${PYTHONPATH} /usr/bin/python3 -W ignore:setup.py install is deprecated -W ignore:easy_install command is deprecated setup.py egg_info --egg-base ../build/smorphi_2d_simulation build --build-base /home/anjana/Documents/PR2/Simulation_03_17/build/smorphi_2d_simulation/build install --record /home/anjana/Documents/PR2/Simulation_03_17/build/smorphi_2d_simulation/install.log --single-version-externally-managed install_data
